
> llm-router-ts@1.0.0 test
> ts-node src/index.ts

≡ƒñû Router Test Results
==================


=== Testing SIMPLE Prompts ===
========================================

1. Prompt: "What's the weather like today?"
   Result: [36mWEAK[0m
   Metrics:
   - Structural:
     ΓÇó Length: 30
     ΓÇó Entropy: 3.790
     ΓÇó Symbol Ratio: 6.7%
   - Linguistic:
     ΓÇó Avg Word Length: 5.2
     ΓÇó Avg Sentence Length: 5.0
     ΓÇó Nested Clauses: 0
----------------------------------------

2. Prompt: "Tell me a joke."
   Result: [36mWEAK[0m
   Metrics:
   - Structural:
     ΓÇó Length: 15
     ΓÇó Entropy: 3.140
     ΓÇó Symbol Ratio: 6.7%
   - Linguistic:
     ΓÇó Avg Word Length: 3.0
     ΓÇó Avg Sentence Length: 4.0
     ΓÇó Nested Clauses: 0
----------------------------------------

3. Prompt: "What time is it?"
   Result: [36mWEAK[0m
   Metrics:
   - Structural:
     ΓÇó Length: 16
     ΓÇó Entropy: 3.108
     ΓÇó Symbol Ratio: 6.3%
   - Linguistic:
     ΓÇó Avg Word Length: 3.3
     ΓÇó Avg Sentence Length: 4.0
     ΓÇó Nested Clauses: 0
----------------------------------------

4. Prompt: "How do I make coffee?"
   Result: [36mWEAK[0m
   Metrics:
   - Structural:
     ΓÇó Length: 21
     ΓÇó Entropy: 3.463
     ΓÇó Symbol Ratio: 4.8%
   - Linguistic:
     ΓÇó Avg Word Length: 3.4
     ΓÇó Avg Sentence Length: 5.0
     ΓÇó Nested Clauses: 0
----------------------------------------

5. Prompt: "What's your favorite color?"
   Result: [36mWEAK[0m
   Metrics:
   - Structural:
     ΓÇó Length: 27
     ΓÇó Entropy: 3.958
     ΓÇó Symbol Ratio: 7.4%
   - Linguistic:
     ΓÇó Avg Word Length: 6.0
     ΓÇó Avg Sentence Length: 4.0
     ΓÇó Nested Clauses: 0
----------------------------------------

=== Testing TECHNICAL Prompts ===
========================================

1. Prompt: "Implement a binary search tree in TypeScript with generic types."
   Result: [36mWEAK[0m
   Metrics:
   - Structural:
     ΓÇó Length: 64
     ΓÇó Entropy: 3.998
     ΓÇó Symbol Ratio: 1.6%
   - Linguistic:
     ΓÇó Avg Word Length: 5.5
     ΓÇó Avg Sentence Length: 10.0
     ΓÇó Nested Clauses: 0
----------------------------------------

2. Prompt: "function calculateComplexity<T>(data: T[]): number { return data.length; }"
   Result: [32mSTRONG[0m
   Metrics:
   - Structural:
     ΓÇó Length: 74
     ΓÇó Entropy: 4.648
     ΓÇó Symbol Ratio: 16.2%
   - Linguistic:
     ΓÇó Avg Word Length: 8.4
     ΓÇó Avg Sentence Length: 4.0
     ΓÇó Nested Clauses: 3
----------------------------------------

3. Prompt: "Explain the time complexity of quicksort algorithm."
   Result: [32mSTRONG[0m
   Metrics:
   - Structural:
     ΓÇó Length: 51
     ΓÇó Entropy: 4.241
     ΓÇó Symbol Ratio: 2.0%
   - Linguistic:
     ΓÇó Avg Word Length: 6.4
     ΓÇó Avg Sentence Length: 7.0
     ΓÇó Nested Clauses: 0
----------------------------------------

4. Prompt: "Create an interface for handling asynchronous state management."
   Result: [32mSTRONG[0m
   Metrics:
   - Structural:
     ΓÇó Length: 63
     ΓÇó Entropy: 3.939
     ΓÇó Symbol Ratio: 1.6%
   - Linguistic:
     ΓÇó Avg Word Length: 7.0
     ΓÇó Avg Sentence Length: 8.0
     ΓÇó Nested Clauses: 0
----------------------------------------

=== Testing ANALYTICAL Prompts ===
========================================

1. Prompt: "Compare and contrast the economic policies of the 1980s with current approaches."
   Result: [32mSTRONG[0m
   Metrics:
   - Structural:
     ΓÇó Length: 80
     ΓÇó Entropy: 4.152
     ΓÇó Symbol Ratio: 1.3%
   - Linguistic:
     ΓÇó Avg Word Length: 5.8
     ΓÇó Avg Sentence Length: 12.0
     ΓÇó Nested Clauses: 0
----------------------------------------

2. Prompt: "Analyze the major themes in Shakespeare's Hamlet, focusing on the concept of revenge."
   Result: [32mSTRONG[0m
   Metrics:
   - Structural:
     ΓÇó Length: 85
     ΓÇó Entropy: 4.271
     ΓÇó Symbol Ratio: 3.5%
   - Linguistic:
     ΓÇó Avg Word Length: 5.6
     ΓÇó Avg Sentence Length: 13.0
     ΓÇó Nested Clauses: 1
----------------------------------------

3. Prompt: "What are the implications of quantum computing on current encryption methods?"
   Result: [32mSTRONG[0m
   Metrics:
   - Structural:
     ΓÇó Length: 77
     ΓÇó Entropy: 4.097
     ΓÇó Symbol Ratio: 1.3%
   - Linguistic:
     ΓÇó Avg Word Length: 6.1
     ΓÇó Avg Sentence Length: 11.0
     ΓÇó Nested Clauses: 0
----------------------------------------

4. Prompt: "Evaluate the environmental impact of different renewable energy sources."
   Result: [32mSTRONG[0m
   Metrics:
   - Structural:
     ΓÇó Length: 72
     ΓÇó Entropy: 4.137
     ΓÇó Symbol Ratio: 1.4%
   - Linguistic:
     ΓÇó Avg Word Length: 7.1
     ΓÇó Avg Sentence Length: 9.0
     ΓÇó Nested Clauses: 0
----------------------------------------

=== Testing MIXED Prompts ===
========================================

1. Prompt: "Write a simple program but explain each step in detail."
   Result: [36mWEAK[0m
   Metrics:
   - Structural:
     ΓÇó Length: 55
     ΓÇó Entropy: 3.986
     ΓÇó Symbol Ratio: 1.8%
   - Linguistic:
     ΓÇó Avg Word Length: 4.6
     ΓÇó Avg Sentence Length: 10.0
     ΓÇó Nested Clauses: 0
----------------------------------------

2. Prompt: "Can you help debug this: console.log('Hello')?"
   Result: [32mSTRONG[0m
   Metrics:
   - Structural:
     ΓÇó Length: 46
     ΓÇó Entropy: 4.332
     ΓÇó Symbol Ratio: 15.2%
   - Linguistic:
     ΓÇó Avg Word Length: 6.8
     ΓÇó Avg Sentence Length: 3.0
     ΓÇó Nested Clauses: 1
----------------------------------------

3. Prompt: "First tell me about arrays, then show an example."
   Result: [36mWEAK[0m
   Metrics:
   - Structural:
     ΓÇó Length: 49
     ΓÇó Entropy: 4.033
     ΓÇó Symbol Ratio: 4.1%
   - Linguistic:
     ΓÇó Avg Word Length: 4.6
     ΓÇó Avg Sentence Length: 9.0
     ΓÇó Nested Clauses: 1
----------------------------------------
